[    0.000000] Linux version 4.15.0-88-generic (buildd@lgw01-amd64-036) (gcc version 7.4.0 (Ubuntu 7.4.0-1ubuntu1~18.04.1)) #88-Ubuntu SMP Tue Feb 11 20:11:34 UTC 2020 (Ubuntu 4.15.0-88.88-generic 4.15.18)
[    0.000000] Command line: BOOT_IMAGE=/boot/vmlinuz-4.15.0-88-generic root=LABEL=cloudimg-rootfs ro console=tty1 console=ttyS0
[    0.000000] KERNEL supported cpus:
[    0.000000]   Intel GenuineIntel
[    0.000000]   AMD AuthenticAMD
[    0.000000]   Centaur CentaurHauls
[    0.000000] x86/fpu: Supporting XSAVE feature 0x001: 'x87 floating point registers'
[    0.000000] x86/fpu: Supporting XSAVE feature 0x002: 'SSE registers'
[    0.000000] x86/fpu: Supporting XSAVE feature 0x004: 'AVX registers'
[    0.000000] x86/fpu: xstate_offset[2]:  576, xstate_sizes[2]:  256
[    0.000000] x86/fpu: Enabled xstate features 0x7, context size is 832 bytes, using 'standard' format.
[    0.000000] e820: BIOS-provided physical RAM map:
[    0.000000] BIOS-e820: [mem 0x0000000000000000-0x000000000009fbff] usable
[    0.000000] BIOS-e820: [mem 0x000000000009fc00-0x000000000009ffff] reserved
[    0.000000] BIOS-e820: [mem 0x00000000000f0000-0x00000000000fffff] reserved
[    0.000000] BIOS-e820: [mem 0x0000000000100000-0x000000003ffeffff] usable
[    0.000000] BIOS-e820: [mem 0x000000003fff0000-0x000000003fffffff] ACPI data
[    0.000000] BIOS-e820: [mem 0x00000000fec00000-0x00000000fec00fff] reserved
[    0.000000] BIOS-e820: [mem 0x00000000fee00000-0x00000000fee00fff] reserved
[    0.000000] BIOS-e820: [mem 0x00000000fffc0000-0x00000000ffffffff] reserved
[    0.000000] NX (Execute Disable) protection: active
[    0.000000] SMBIOS 2.5 present.
[    0.000000] DMI: innotek GmbH VirtualBox/VirtualBox, BIOS VirtualBox 12/01/2006
[    0.000000] Hypervisor detected: KVM
[    0.000000] e820: last_pfn = 0x3fff0 max_arch_pfn = 0x400000000
[    0.000000] MTRR: Disabled
[    0.000000] x86/PAT: MTRRs disabled, skipping PAT initialization too.
[    0.000000] CPU MTRRs all blank - virtualized system.
[    0.000000] x86/PAT: Configuration [0-7]: WB  WT  UC- UC  WB  WT  UC- UC  
[    0.000000] found SMP MP-table at [mem 0x0009fff0-0x0009ffff]
[    0.000000] Scanning 1 areas for low memory corruption
[    0.000000] RAMDISK: [mem 0x35a6d000-0x36d2dfff]
[    0.000000] ACPI: Early table checksum verification disabled
[    0.000000] ACPI: RSDP 0x00000000000E0000 000024 (v02 VBOX  )
[    0.000000] ACPI: XSDT 0x000000003FFF0030 00003C (v01 VBOX   VBOXXSDT 00000001 ASL  00000061)
[    0.000000] ACPI: FACP 0x000000003FFF00F0 0000F4 (v04 VBOX   VBOXFACP 00000001 ASL  00000061)
[    0.000000] ACPI: DSDT 0x000000003FFF0470 002325 (v02 VBOX   VBOXBIOS 00000002 INTL 20100528)
[    0.000000] ACPI: FACS 0x000000003FFF0200 000040
[    0.000000] ACPI: FACS 0x000000003FFF0200 000040
[    0.000000] ACPI: APIC 0x000000003FFF0240 00005C (v02 VBOX   VBOXAPIC 00000001 ASL  00000061)
[    0.000000] ACPI: SSDT 0x000000003FFF02A0 0001CC (v01 VBOX   VBOXCPUT 00000002 INTL 20100528)
[    0.000000] No NUMA configuration found
[    0.000000] Faking a node at [mem 0x0000000000000000-0x000000003ffeffff]
[    0.000000] NODE_DATA(0) allocated [mem 0x3ffc5000-0x3ffeffff]
[    0.000000] kvm-clock: cpu 0, msr 0:3ff44001, primary cpu clock
[    0.000000] kvm-clock: Using msrs 4b564d01 and 4b564d00
[    0.000000] kvm-clock: using sched offset of 5581148222 cycles
[    0.000000] clocksource: kvm-clock: mask: 0xffffffffffffffff max_cycles: 0x1cd42e4dffb, max_idle_ns: 881590591483 ns
[    0.000000] Zone ranges:
[    0.000000]   DMA      [mem 0x0000000000001000-0x0000000000ffffff]
[    0.000000]   DMA32    [mem 0x0000000001000000-0x000000003ffeffff]
[    0.000000]   Normal   empty
[    0.000000]   Device   empty
[    0.000000] Movable zone start for each node
[    0.000000] Early memory node ranges
[    0.000000]   node   0: [mem 0x0000000000001000-0x000000000009efff]
[    0.000000]   node   0: [mem 0x0000000000100000-0x000000003ffeffff]
[    0.000000] Reserved but unavailable: 98 pages
[    0.000000] Initmem setup node 0 [mem 0x0000000000001000-0x000000003ffeffff]
[    0.000000] ACPI: PM-Timer IO Port: 0x4008
[    0.000000] IOAPIC[0]: apic_id 2, version 32, address 0xfec00000, GSI 0-23
[    0.000000] ACPI: INT_SRC_OVR (bus 0 bus_irq 0 global_irq 2 dfl dfl)
[    0.000000] ACPI: INT_SRC_OVR (bus 0 bus_irq 9 global_irq 9 low level)
[    0.000000] Using ACPI (MADT) for SMP configuration information
[    0.000000] smpboot: Allowing 2 CPUs, 0 hotplug CPUs
[    0.000000] PM: Registered nosave memory: [mem 0x00000000-0x00000fff]
[    0.000000] PM: Registered nosave memory: [mem 0x0009f000-0x0009ffff]
[    0.000000] PM: Registered nosave memory: [mem 0x000a0000-0x000effff]
[    0.000000] PM: Registered nosave memory: [mem 0x000f0000-0x000fffff]
[    0.000000] e820: [mem 0x40000000-0xfebfffff] available for PCI devices
[    0.000000] Booting paravirtualized kernel on KVM
[    0.000000] clocksource: refined-jiffies: mask: 0xffffffff max_cycles: 0xffffffff, max_idle_ns: 7645519600211568 ns
[    0.000000] random: get_random_bytes called from start_kernel+0x99/0x4fd with crng_init=0
[    0.000000] setup_percpu: NR_CPUS:8192 nr_cpumask_bits:2 nr_cpu_ids:2 nr_node_ids:1
[    0.000000] percpu: Embedded 45 pages/cpu s147456 r8192 d28672 u1048576
[    0.000000] PV qspinlock hash table entries: 256 (order: 0, 4096 bytes)
[    0.000000] Built 1 zonelists, mobility grouping on.  Total pages: 257913
[    0.000000] Policy zone: DMA32
[    0.000000] Kernel command line: BOOT_IMAGE=/boot/vmlinuz-4.15.0-88-generic root=LABEL=cloudimg-rootfs ro console=tty1 console=ttyS0
[    0.000000] Memory: 983068K/1048120K available (12300K kernel code, 2481K rwdata, 4264K rodata, 2428K init, 2712K bss, 65052K reserved, 0K cma-reserved)
[    0.000000] SLUB: HWalign=64, Order=0-3, MinObjects=0, CPUs=2, Nodes=1
[    0.000000] Kernel/User page tables isolation: enabled
[    0.000000] ftrace: allocating 39344 entries in 154 pages
[    0.004000] Hierarchical RCU implementation.
[    0.004000] 	RCU restricting CPUs from NR_CPUS=8192 to nr_cpu_ids=2.
[    0.004000] 	Tasks RCU enabled.
[    0.004000] RCU: Adjusting geometry for rcu_fanout_leaf=16, nr_cpu_ids=2
[    0.004000] NR_IRQS: 524544, nr_irqs: 440, preallocated irqs: 16
[    0.004000] Console: colour VGA+ 80x25
[    0.004000] console [tty1] enabled
[    0.004000] console [ttyS0] enabled
[    0.004000] ACPI: Core revision 20170831
[    0.004000] ACPI: 2 ACPI AML tables successfully acquired and loaded
[    0.004000] APIC: Switch to symmetric I/O mode setup
[    0.004000] x2apic enabled
[    0.004000] Switched APIC routing to physical x2apic.
[    0.008000] ..TIMER: vector=0x30 apic1=0 pin1=2 apic2=-1 pin2=-1
[    0.008004] tsc: Detected 2294.684 MHz processor
[    0.009748] Calibrating delay loop (skipped) preset value.. 4589.36 BogoMIPS (lpj=9178736)
[    0.012004] pid_max: default: 32768 minimum: 301
[    0.013832] Security Framework initialized
[    0.016003] Yama: becoming mindful.
[    0.017468] AppArmor: AppArmor initialized
[    0.028092] Dentry cache hash table entries: 131072 (order: 8, 1048576 bytes)
[    0.032135] Inode-cache hash table entries: 65536 (order: 7, 524288 bytes)
[    0.036022] Mount-cache hash table entries: 2048 (order: 2, 16384 bytes)
[    0.038389] Mountpoint-cache hash table entries: 2048 (order: 2, 16384 bytes)
[    0.040694] Last level iTLB entries: 4KB 64, 2MB 8, 4MB 8
[    0.044005] Last level dTLB entries: 4KB 64, 2MB 0, 4MB 0, 1GB 4
[    0.046487] Spectre V1 : Mitigation: usercopy/swapgs barriers and __user pointer sanitization
[    0.048006] Spectre V2 : Mitigation: Full generic retpoline
[    0.050049] Spectre V2 : Spectre v2 / SpectreRSB mitigation: Filling RSB on context switch
[    0.052006] Speculative Store Bypass: Vulnerable
[    0.056054] MDS: Vulnerable: Clear CPU buffers attempted, no microcode
[    0.059055] Freeing SMP alternatives memory: 36K
[    0.176021] APIC calibration not consistent with PM-Timer: 104ms instead of 100ms
[    0.178956] APIC delta adjusted to PM-Timer: 6246741 (6541929)
[    0.180106] smpboot: CPU0: Intel(R) Core(TM) i5-5300U CPU @ 2.30GHz (family: 0x6, model: 0x3d, stepping: 0x4)
[    0.183823] Performance Events: unsupported p6 CPU model 61 no PMU driver, software events only.
[    0.184048] Hierarchical SRCU implementation.
[    0.188858] NMI watchdog: Perf event create on CPU 0 failed with -2
[    0.191181] NMI watchdog: Perf NMI watchdog permanently disabled
[    0.192128] smp: Bringing up secondary CPUs ...
[    0.196186] x86: Booting SMP configuration:
[    0.197790] .... node  #0, CPUs:      #1
[    0.004000] kvm-clock: cpu 1, msr 0:3ff44041, secondary cpu clock
[    0.204027] smp: Brought up 1 node, 2 CPUs
[    0.208006] smpboot: Max logical packages: 1
[    0.209623] smpboot: Total of 2 processors activated (9178.73 BogoMIPS)
[    0.212184] devtmpfs: initialized
[    0.213513] x86/mm: Memory block size: 128MB
[    0.215642] evm: security.selinux
[    0.216004] evm: security.SMACK64
[    0.217345] evm: security.SMACK64EXEC
[    0.218821] evm: security.SMACK64TRANSMUTE
[    0.220004] evm: security.SMACK64MMAP
[    0.221448] evm: security.apparmor
[    0.224002] evm: security.ima
[    0.225224] evm: security.capability
[    0.226774] clocksource: jiffies: mask: 0xffffffff max_cycles: 0xffffffff, max_idle_ns: 7645041785100000 ns
[    0.228031] futex hash table entries: 512 (order: 3, 32768 bytes)
[    0.240044] pinctrl core: initialized pinctrl subsystem
[    0.244235] RTC time:  8:45:18, date: 03/06/20
[    0.248288] NET: Registered protocol family 16
[    0.250231] audit: initializing netlink subsys (disabled)
[    0.252017] audit: type=2000 audit(1583484324.890:1): state=initialized audit_enabled=0 res=1
[    0.252307] cpuidle: using governor ladder
[    0.256010] cpuidle: using governor menu
[    0.257665] ACPI: bus type PCI registered
[    0.260004] acpiphp: ACPI Hot Plug PCI Controller Driver version: 0.5
[    0.262647] PCI: Using configuration type 1 for base access
[    0.268693] HugeTLB registered 2.00 MiB page size, pre-allocated 0 pages
[    0.272207] ACPI: Added _OSI(Module Device)
[    0.273906] ACPI: Added _OSI(Processor Device)
[    0.275669] ACPI: Added _OSI(3.0 _SCP Extensions)
[    0.276016] ACPI: Added _OSI(Processor Aggregator Device)
[    0.278733] ACPI: Added _OSI(Linux-Dell-Video)
[    0.280027] ACPI: Added _OSI(Linux-Lenovo-NV-HDMI-Audio)
[    0.284008] ACPI: Added _OSI(Linux-HPI-Hybrid-Graphics)
[    0.288542] ACPI: Executed 1 blocks of module-level executable AML code
[    0.304983] ACPI: Interpreter enabled
[    0.306572] ACPI: (supports S0 S5)
[    0.307959] ACPI: Using IOAPIC for interrupt routing
[    0.308963] PCI: Using host bridge windows from ACPI; if necessary, use "pci=nocrs" and report a bug
[    0.312472] ACPI: Enabled 2 GPEs in block 00 to 07
[    0.337438] ACPI: PCI Root Bridge [PCI0] (domain 0000 [bus 00-ff])
[    0.339808] acpi PNP0A03:00: _OSC: OS supports [ASPM ClockPM Segments MSI]
[    0.344560] acpi PNP0A03:00: _OSC: not requesting OS control; OS requires [ExtendedConfig ASPM ClockPM MSI]
[    0.348027] acpi PNP0A03:00: fail to add MMCONFIG information, can't access extended PCI configuration space under this bridge.
[    0.352903] PCI host bridge to bus 0000:00
[    0.354557] pci_bus 0000:00: root bus resource [io  0x0000-0x0cf7 window]
[    0.356005] pci_bus 0000:00: root bus resource [io  0x0d00-0xffff window]
[    0.360005] pci_bus 0000:00: root bus resource [mem 0x000a0000-0x000bffff window]
[    0.362830] pci_bus 0000:00: root bus resource [mem 0x40000000-0xfdffffff window]
[    0.364006] pci_bus 0000:00: root bus resource [bus 00-ff]
[    0.372083] pci 0000:00:01.1: legacy IDE quirk: reg 0x10: [io  0x01f0-0x01f7]
[    0.374633] pci 0000:00:01.1: legacy IDE quirk: reg 0x14: [io  0x03f6]
[    0.376005] pci 0000:00:01.1: legacy IDE quirk: reg 0x18: [io  0x0170-0x0177]
[    0.378666] pci 0000:00:01.1: legacy IDE quirk: reg 0x1c: [io  0x0376]
[    0.409928] pci 0000:00:07.0: quirk: [io  0x4000-0x403f] claimed by PIIX4 ACPI
[    0.412027] pci 0000:00:07.0: quirk: [io  0x4100-0x410f] claimed by PIIX4 SMB
[    0.428727] ACPI: PCI Interrupt Link [LNKA] (IRQs 5 9 10 *11)
[    0.432000] ACPI: PCI Interrupt Link [LNKB] (IRQs 5 9 *10 11)
[    0.432350] ACPI: PCI Interrupt Link [LNKC] (IRQs 5 *9 10 11)
[    0.436326] ACPI: PCI Interrupt Link [LNKD] (IRQs 5 9 10 *11)
[    0.439185] SCSI subsystem initialized
[    0.440073] pci 0000:00:02.0: vgaarb: setting as boot VGA device
[    0.442311] pci 0000:00:02.0: vgaarb: VGA device added: decodes=io+mem,owns=io+mem,locks=none
[    0.444007] pci 0000:00:02.0: vgaarb: bridge control possible
[    0.448003] vgaarb: loaded
[    0.449202] ACPI: bus type USB registered
[    0.452033] usbcore: registered new interface driver usbfs
[    0.454123] usbcore: registered new interface driver hub
[    0.456000] usbcore: registered new device driver usb
[    0.456102] EDAC MC: Ver: 3.0.0
[    0.460332] PCI: Using ACPI for IRQ routing
[    0.462206] NetLabel: Initializing
[    0.463566] NetLabel:  domain hash size = 128
[    0.464003] NetLabel:  protocols = UNLABELED CIPSOv4 CALIPSO
[    0.466154] NetLabel:  unlabeled traffic allowed by default
[    0.468211] clocksource: Switched to clocksource kvm-clock
[    0.548041] VFS: Disk quotas dquot_6.6.0
[    0.550176] VFS: Dquot-cache hash table entries: 512 (order 0, 4096 bytes)
[    0.553658] AppArmor: AppArmor Filesystem Enabled
[    0.556219] pnp: PnP ACPI init
[    0.561289] pnp: PnP ACPI: found 3 devices
[    0.578636] clocksource: acpi_pm: mask: 0xffffff max_cycles: 0xffffff, max_idle_ns: 2085701024 ns
[    0.583644] NET: Registered protocol family 2
[    0.586766] TCP established hash table entries: 8192 (order: 4, 65536 bytes)
[    0.590242] TCP bind hash table entries: 8192 (order: 5, 131072 bytes)
[    0.597372] TCP: Hash tables configured (established 8192 bind 8192)
[    0.606626] UDP hash table entries: 512 (order: 2, 16384 bytes)
[    0.609664] UDP-Lite hash table entries: 512 (order: 2, 16384 bytes)
[    0.612867] NET: Registered protocol family 1
[    0.615270] pci 0000:00:00.0: Limiting direct PCI/PCI transfers
[    0.618440] pci 0000:00:01.0: Activating ISA DMA hang workarounds
[    0.621544] pci 0000:00:02.0: Video device with shadowed ROM at [mem 0x000c0000-0x000dffff]
[    0.626188] Unpacking initramfs...
[    1.982537] Freeing initrd memory: 19204K
[    1.984574] clocksource: tsc: mask: 0xffffffffffffffff max_cycles: 0x21139776891, max_idle_ns: 440795250948 ns
[    1.988349] platform rtc_cmos: registered platform RTC device (no PNP device found)
[    1.991550] Scanning for low memory corruption every 60 seconds
[    1.995175] Initialise system trusted keyrings
[    1.997009] Key type blacklist registered
[    1.998681] workingset: timestamp_bits=36 max_order=18 bucket_order=0
[    2.004152] zbud: loaded
[    2.006477] squashfs: version 4.0 (2009/01/31) Phillip Lougher
[    2.009060] fuse init (API version 7.26)
[    2.013590] Key type asymmetric registered
[    2.015174] Asymmetric key parser 'x509' registered
[    2.017146] Block layer SCSI generic (bsg) driver version 0.4 loaded (major 246)
[    2.020171] io scheduler noop registered
[    2.021735] io scheduler deadline registered
[    2.023461] io scheduler cfq registered (default)
[    2.025961] ACPI: AC Adapter [AC] (on-line)
[    2.027681] input: Power Button as /devices/LNXSYSTM:00/LNXPWRBN:00/input/input0
[    2.030795] ACPI: Power Button [PWRF]
[    2.032412] input: Sleep Button as /devices/LNXSYSTM:00/LNXSLPBN:00/input/input1
[    2.035288] ACPI: Sleep Button [SLPF]
[    2.039765] ACPI: Battery Slot [BAT0] (battery present)
[    2.047026] Serial: 8250/16550 driver, 32 ports, IRQ sharing enabled
[    2.072047] 00:02: ttyS0 at I/O 0x3f8 (irq = 4, base_baud = 115200) is a 16550A
[    2.086060] Linux agpgart interface v0.103
[    2.092397] loop: module loaded
[    2.095463] scsi host0: ata_piix
[    2.097729] scsi host1: ata_piix
[    2.099595] ata1: PATA max UDMA/33 cmd 0x1f0 ctl 0x3f6 bmdma 0xd000 irq 14
[    2.102844] ata2: PATA max UDMA/33 cmd 0x170 ctl 0x376 bmdma 0xd008 irq 15
[    2.107045] libphy: Fixed MDIO Bus: probed
[    2.109308] tun: Universal TUN/TAP device driver, 1.6
[    2.113336] PPP generic driver version 2.4.2
[    2.115909] ehci_hcd: USB 2.0 'Enhanced' Host Controller (EHCI) Driver
[    2.118886] ehci-pci: EHCI PCI platform driver
[    2.121138] ehci-platform: EHCI generic platform driver
[    2.123418] ohci_hcd: USB 1.1 'Open' Host Controller (OHCI) Driver
[    2.126403] ohci-pci: OHCI PCI platform driver
[    2.128677] ohci-platform: OHCI generic platform driver
[    2.131276] uhci_hcd: USB Universal Host Controller Interface driver
[    2.134515] i8042: PNP: PS/2 Controller [PNP0303:PS2K,PNP0f03:PS2M] at 0x60,0x64 irq 1,12
[    2.139566] serio: i8042 KBD port at 0x60,0x64 irq 1
[    2.142288] serio: i8042 AUX port at 0x60,0x64 irq 12
[    2.146241] mousedev: PS/2 mouse device common for all mice
[    2.150045] input: AT Translated Set 2 keyboard as /devices/platform/i8042/serio0/input/input2
[    2.152268] rtc_cmos rtc_cmos: rtc core: registered rtc_cmos as rtc0
[    2.157982] rtc_cmos rtc_cmos: alarms up to one day, 114 bytes nvram
[    2.161241] i2c /dev entries driver
[    2.163311] device-mapper: uevent: version 1.0.3
[    2.166184] device-mapper: ioctl: 4.37.0-ioctl (2017-09-20) initialised: dm-devel@redhat.com
[    2.170756] ledtrig-cpu: registered to indicate activity on CPUs
[    2.174622] NET: Registered protocol family 10
[    2.185113] Segment Routing with IPv6
[    2.186756] NET: Registered protocol family 17
[    2.188696] Key type dns_resolver registered
[    2.190793] mce: Using 0 MCE banks
[    2.192230] RAS: Correctable Errors collector initialized.
[    2.194528] sched_clock: Marking stable (2194497750, 0)->(2763085233, -568587483)
[    2.198530] registered taskstats version 1
[    2.200187] Loading compiled-in X.509 certificates
[    2.206573] Loaded X.509 cert 'Build time autogenerated kernel key: f0020782f0d3a548186fb3f47aed88387a71e859'
[    2.210584] zswap: loaded using pool lzo/zbud
[    2.219165] Key type big_key registered
[    2.220816] Key type trusted registered
[    2.225521] Key type encrypted registered
[    2.227178] AppArmor: AppArmor sha1 policy hashing enabled
[    2.229328] ima: No TPM chip found, activating TPM-bypass! (rc=-19)
[    2.231667] ima: Allocated hash algorithm: sha1
[    2.233555] evm: HMAC attrs: 0x1
[    2.235362]   Magic number: 12:513:775
[    2.236980] misc psaux: hash matches
[    2.238491] misc fuse: hash matches
[    2.240109] rtc_cmos rtc_cmos: setting system clock to 2020-03-06 08:45:20 UTC (1583484320)
[    2.243492] BIOS EDD facility v0.16 2004-Jun-25, 0 devices found
[    2.245783] EDD information not available.
[    2.303468] Freeing unused kernel image memory: 2428K
[    2.309102] Write protecting the kernel read-only data: 20480k
[    2.313021] Freeing unused kernel image memory: 2008K
[    2.315511] Freeing unused kernel image memory: 1880K
[    2.354666] x86/mm: Checked W+X mappings: passed, no W+X pages found.
[    2.357157] x86/mm: Checking user space page tables
[    2.395506] x86/mm: Checked W+X mappings: passed, no W+X pages found.
Loading, please wait...
starting version 237
[    2.542147] e1000: Intel(R) PRO/1000 Network Driver - version 7.3.21-k8-NAPI
[    2.545732] e1000: Copyright (c) 1999-2006 Intel Corporation.
[    2.548806] Fusion MPT base driver 3.04.20
[    2.550898] Copyright (c) 1999-2008 LSI Corporation
[    2.563987] Fusion MPT SPI Host driver 3.04.20
[    2.590369] AVX2 version of gcm_enc/dec engaged.
[    2.592676] AES CTR mode by8 optimization enabled
[    2.769341] input: ImExPS/2 Generic Explorer Mouse as /devices/platform/i8042/serio1/input/input4
[    3.116663] e1000 0000:00:03.0 eth0: (PCI:33MHz:32-bit) 02:2a:ce:cf:0d:74
[    3.119891] e1000 0000:00:03.0 eth0: Intel(R) PRO/1000 Network Connection
[    3.126566] mptbase: ioc0: Initiating bringup
[    3.127045] e1000 0000:00:03.0 enp0s3: renamed from eth0
[    3.238013] ioc0: LSI53C1030 A0: Capabilities={Initiator}
[    3.494866] scsi host2: ioc0: LSI53C1030 A0, FwRev=00000000h, Ports=1, MaxQ=256, IRQ=20
[    3.674185] scsi 2:0:0:0: Direct-Access     VBOX     HARDDISK         1.0  PQ: 0 ANSI: 5
[    3.716205] scsi target2:0:0: Beginning Domain Validation
[    3.732582] scsi target2:0:0: Domain Validation skipping write tests
[    3.740894] scsi target2:0:0: Ending Domain Validation
[    3.747990] scsi target2:0:0: asynchronous
[    3.752794] scsi 2:0:1:0: Direct-Access     VBOX     HARDDISK         1.0  PQ: 0 ANSI: 5
[    3.788169] scsi target2:0:1: Beginning Domain Validation
[    3.793438] random: fast init done
[    3.799882] scsi target2:0:1: Domain Validation skipping write tests
[    3.804252] scsi target2:0:1: Ending Domain Validation
[    3.808435] scsi target2:0:1: asynchronous
[    3.827875] random: systemd-udevd: uninitialized urandom read (16 bytes read)
[    3.833187] random: systemd-udevd: uninitialized urandom read (16 bytes read)
[    3.833244] sd 2:0:0:0: Attached scsi generic sg0 type 0
[    3.839186] random: systemd-udevd: uninitialized urandom read (16 bytes read)
[    3.845910] sd 2:0:0:0: [sda] 20971520 512-byte logical blocks: (10.7 GB/10.0 GiB)
[    3.846951] sd 2:0:1:0: Attached scsi generic sg1 type 0
[    3.853470] sd 2:0:0:0: [sda] Write Protect is off
[    3.856462] sd 2:0:1:0: [sdb] 20480 512-byte logical blocks: (10.5 MB/10.0 MiB)
[    3.860115] sd 2:0:1:0: [sdb] Write Protect is off
[    3.862351] sd 2:0:0:0: [sda] Incomplete mode parameter data
[    3.864902] sd 2:0:0:0: [sda] Assuming drive cache: write through
[    3.867926] sd 2:0:1:0: [sdb] Incomplete mode parameter data
[    3.870088] sd 2:0:1:0: [sdb] Assuming drive cache: write through
[    3.876328]  sda: sda1
[    3.879970] sd 2:0:1:0: [sdb] Attached SCSI disk
[    3.882443] sd 2:0:0:0: [sda] Attached SCSI disk
Begin: Loading essential drivers ... [    6.292064] raid6: sse2x1   gen()  2405 MB/s
[    6.340085] raid6: sse2x1   xor()  1483 MB/s
[    6.388074] raid6: sse2x2   gen()  5528 MB/s
[    6.436054] raid6: sse2x2   xor()  2569 MB/s
[    6.484150] raid6: sse2x4   gen()  5671 MB/s
[    6.532247] raid6: sse2x4   xor()  3393 MB/s
[    6.580055] raid6: avx2x1   gen()  4653 MB/s
[    6.628082] raid6: avx2x1   xor()  2623 MB/s
[    6.676060] raid6: avx2x2   gen()  8277 MB/s
[    6.724107] raid6: avx2x2   xor()  3898 MB/s
[    6.772478] raid6: avx2x4   gen() 10847 MB/s
[    6.820228] raid6: avx2x4   xor()  6866 MB/s
[    6.822049] raid6: using algorithm avx2x4 gen() 10847 MB/s
[    6.824178] raid6: .... xor() 6866 MB/s, rmw enabled
[    6.826210] raid6: using avx2x2 recovery algorithm
[    6.830540] xor: automatically using best checksumming function   avx       
[    6.835656] async_tx: api initialized (async)
done.
Begin: Running /scripts/init-premount ... done.
Begin: Mounting root file system ... Begin: Running /scripts/local-top ... done.
Begin: Running /scripts/local-premount ... [    6.944361] Btrfs loaded, crc32c=crc32c-intel
Scanning for Btrfs filesystems
done.
Warning: fsck not present, so skipping root file system
[    6.999359] EXT4-fs (sda1): mounted filesystem with ordered data mode. Opts: (null)
done.
Begin: Running /scripts/local-bottom ... done.
Begin: Running /scripts/init-bottom ... done.
[    7.245567] ip_tables: (C) 2000-2006 Netfilter Core Team
[    7.264099] systemd[1]: systemd 237 running in system mode. (+PAM +AUDIT +SELINUX +IMA +APPARMOR +SMACK +SYSVINIT +UTMP +LIBCRYPTSETUP +GCRYPT +GNUTLS +ACL +XZ +LZ4 +SECCOMP +BLKID +ELFUTILS +KMOD -IDN2 +IDN -PCRE2 default-hierarchy=hybrid)
[    7.272049] systemd[1]: Detected virtualization oracle.
[    7.274146] systemd[1]: Detected architecture x86-64.

Welcome to [1mUbuntu 18.04.4 LTS[0m!

[    7.285527] systemd[1]: Set hostname to <ubuntu>.
[    7.297035] systemd[1]: Initializing machine ID from random generator.
[    7.299832] systemd[1]: Installed transient /etc/machine-id file.
[    7.738270] systemd[1]: Set up automount Arbitrary Executable File Formats File System Automount Point.
[[0;32m  OK  [0m] Set up automount Arbitrary Executabâ€¦rmats File System Automount Point.
[    7.743870] systemd[1]: Started Forward Password Requests to Wall Directory Watch.
[[0;32m  OK  [0m] Started Forward Password Requests to Wall Directory Watch.
[    7.748702] systemd[1]: Reached target User and Group Name Lookups.
[[0;32m  OK  [0m] Reached target User and Group Name Lookups.
[    7.752539] systemd[1]: Reached target Swap.
[[0;32m  OK  [0m] Reached target Swap.
[[0;32m  OK  [0m] Created slice User and Session Slice.
[[0;32m  OK  [0m] Created slice System Slice.
[[0;32m  OK  [0m] Listening on Journal Socket (/dev/log).
[[0;32m  OK  [0m] Listening on LVM2 poll daemon socket.
[[0;32m  OK  [0m] Created slice system-serial\x2dgetty.slice.
[[0;32m  OK  [0m] Listening on Syslog Socket.
[[0;32m  OK  [0m] Listening on udev Kernel Socket.
[[0;32m  OK  [0m] Listening on Device-mapper event daemon FIFOs.
[[0;32m  OK  [0m] Listening on LVM2 metadata daemon socket.
[[0;32m  OK  [0m] Reached target Slices.
[[0;32m  OK  [0m] Listening on Journal Socket.
         Starting Monitoring of LVM2 mirrorsâ€¦ng dmeventd or progress polling...
         Mounting Kernel Debug File System...
         Starting Load Kernel Modules...
         Starting Remount Root and Kernel File Systems...
         Mounting POSIX Message Queue File System...
         Starting Set the console keyboard layout...
         Starting Create list of required stâ€¦ce nodes for the current kernel...
[[0;32m  OK  [0m] Listening on Network Service Netlink Socket.
[    7.838958] Loading iSCSI transport class v2.0-870.
[[0;32m  OK  [0m] Listening on /dev/initctl Compatibility Named Pipe.
[[0;32m  OK  [0m] Listening on Journal Audit Socket.
         Starting Journal Service...
         Starting Uncomplicated firewall...
         Mounting Huge Pages File System...
[    7.896527] EXT4-fs (sda1): re-mounted. Opts: (null)
[[0;32m  OK  [0m] Listening on udev Control Socket.
         Starting udev Coldplug all Devices...
[[0;32m  OK  [0m] Reached target System Time Synchronized.
[[0;32m  OK  [0m] Mounted Kernel Debug File System.
[[0;32m  OK  [0m] Mounted POSIX Message Queue File System.
[[0;32m  OK  [0m] Started Remount Root and Kernel File Systems.
[[0;32m  OK  [0m] Started Create list of required staâ€¦vice nodes for the current kernel.
[[0;32m  OK  [0m] Mounted Huge Pages File System.
         Starting Create Static Device Nodes in /dev...
         Starting Load/Save Random Seed...
[    7.968778] iscsi: registered transport (tcp)
[[0;32m  OK  [0m] Started Uncomplicated firewall.
[[0;32m  OK  [0m] Started Create Static Device Nodes in /dev.
         Starting udev Kernel Device Manager...
[[0;32m  OK  [0m] Started Load/Save Random Seed.
[[0;32m  OK  [0m] Started LVM2 metadata daemon.
[[0;32m  OK  [0m] Started Journal Service.
         Starting Flush Journal to Persistent Storage...
[    8.168665] systemd-journald[408]: Received request to flush runtime journal from PID 1
[[0;32m  OK  [0m] Started udev Kernel Device Manager.
[[0;32m  OK  [0m] Started udev Coldplug all Devices.
[[0;32m  OK  [0m] Started Monitoring of LVM2 mirrors,â€¦sing dmeventd or progress polling.
[    8.258850] iscsi: registered transport (iser)
[[0;32m  OK  [0m] Started Load Kernel Modules.
         Mounting FUSE Control File System...
         Mounting Kernel Configuration File System...
         Starting Apply Kernel Variables...
[[0;32m  OK  [0m] Started Flush Journal to Persistent Storage.
[[0;32m  OK  [0m] Mounted FUSE Control File System.
[[0;32m  OK  [0m] Mounted Kernel Configuration File System.
[[0;32m  OK  [0m] Started Apply Kernel Variables.
[[0;32m  OK  [0m] Started Set the console keyboard layout.
[[0;32m  OK  [0m] Started Dispatch Password Requests to Console Directory Watch.
[[0;32m  OK  [0m] Reached target Local Encrypted Volumes.
[[0;32m  OK  [0m] Reached target Local File Systems (Pre).
[[0;32m  OK  [0m] Reached target Local File Systems.
         Starting Set console font and keymap...
         Starting Commit a transient machine-id on disk...
         Starting ebtables ruleset management...
         Starting Create Volatile Files and Directories...
         Starting AppArmor initialization...
         Starting Tell Plymouth To Write Out Runtime Data...
[[0;32m  OK  [0m] Started Set console font and keymap.
[[0;32m  OK  [0m] Started Tell Plymouth To Write Out Runtime Data.
[[0;32m  OK  [0m] Started Create Volatile Files and Directories.
         Starting Update UTMP about System Boot/Shutdown...
[[0;32m  OK  [0m] Started Commit a transient machine-id on disk.
[[0;32m  OK  [0m] Started Update UTMP about System Boot/Shutdown.
[[0;32m  OK  [0m] Started ebtables ruleset management.
[[0;32m  OK  [0m] Found device /dev/ttyS0.
[[0;32m  OK  [0m] Listening on Load/Save RF Kill Switch Status /dev/rfkill Watch.
[[0;32m  OK  [0m] Started AppArmor initialization.
         Starting Initial cloud-init job (pre-networking)...
[   14.448487] cloud-init[556]: Cloud-init v. 19.4-33-gbb4131a2-0ubuntu1~18.04.1 running 'init-local' at Fri, 06 Mar 2020 08:45:31 +0000. Up 13.52 seconds.
[[0;32m  OK  [0m] Started Initial cloud-init job (pre-networking).
[[0;32m  OK  [0m] Reached target Network (Pre).
         Starting Network Service...
[[0;32m  OK  [0m] Started Network Service.
         Starting Wait for Network to be Configured...
         Starting Network Name Resolution...
[[0;32m  OK  [0m] Started Network Name Resolution.
[[0;32m  OK  [0m] Reached target Network.
[[0;32m  OK  [0m] Reached target Host and Network Name Lookups.
[[0;32m  OK  [0m] Started Wait for Network to be Configured.
         Starting Initial cloud-init job (metadata service crawler)...
[   18.221411] cloud-init[678]: Cloud-init v. 19.4-33-gbb4131a2-0ubuntu1~18.04.1 running 'init' at Fri, 06 Mar 2020 08:45:35 +0000. Up 17.73 seconds.
[   18.236258] cloud-init[678]: ci-info: +++++++++++++++++++++++++++++++++++++Net device info++++++++++++++++++++++++++++++++++++++
[   18.239572] cloud-init[678]: ci-info: +--------+------+---------------------------+---------------+--------+-------------------+
[   18.243142] cloud-init[678]: ci-info: | Device |  Up  |          Address          |      Mask     | Scope  |     Hw-Address    |
[   18.249029] cloud-init[678]: ci-info: +--------+------+---------------------------+---------------+--------+-------------------+
[   18.252673] cloud-init[678]: ci-info: | enp0s3 | True |         10.0.2.15         | 255.255.255.0 | global | 02:2a:ce:cf:0d:74 |
[   18.256261] cloud-init[678]: ci-info: | enp0s3 | True | fe80::2a:ceff:fecf:d74/64 |       .       |  link  | 02:2a:ce:cf:0d:74 |
[   18.260350] cloud-init[678]: ci-info: |   lo   | True |         127.0.0.1         |   255.0.0.0   |  host  |         .         |
[   18.264230] cloud-init[678]: ci-info: |   lo   | True |          ::1/128          |       .       |  host  |         .         |
[   18.267771] cloud-init[678]: ci-info: +--------+------+---------------------------+---------------+--------+-------------------+
[   18.270767] cloud-init[678]: ci-info: ++++++++++++++++++++++++++++Route IPv4 info+++++++++++++++++++++++++++++
[   18.273960] cloud-init[678]: ci-info: +-------+-------------+----------+-----------------+-----------+-------+
[   18.276995] cloud-init[678]: ci-info: | Route | Destination | Gateway  |     Genmask     | Interface | Flags |
[   18.280450] cloud-init[678]: ci-info: +-------+-------------+----------+-----------------+-----------+-------+
[   18.283915] cloud-init[678]: ci-info: |   0   |   0.0.0.0   | 10.0.2.2 |     0.0.0.0     |   enp0s3  |   UG  |
[   18.286863] cloud-init[678]: ci-info: |   1   |   10.0.2.0  | 0.0.0.0  |  255.255.255.0  |   enp0s3  |   U   |
[   18.291418] cloud-init[678]: ci-info: |   2   |   10.0.2.2  | 0.0.0.0  | 255.255.255.255 |   enp0s3  |   UH  |
[   18.296678] cloud-init[678]: ci-info: +-------+-------------+----------+-----------------+-----------+-------+
[   18.301288] cloud-init[678]: ci-info: +++++++++++++++++++Route IPv6 info+++++++++++++++++++
[   18.303793] cloud-init[678]: ci-info: +-------+-------------+---------+-----------+-------+
[   18.306741] cloud-init[678]: ci-info: | Route | Destination | Gateway | Interface | Flags |
[   18.309577] cloud-init[678]: ci-info: +-------+-------------+---------+-----------+-------+
[   18.313175] cloud-init[678]: ci-info: |   1   |  fe80::/64  |    ::   |   enp0s3  |   U   |
[   18.315868] cloud-init[678]: ci-info: |   3   |    local    |    ::   |   enp0s3  |   U   |
[   18.318696] cloud-init[678]: ci-info: |   4   |   ff00::/8  |    ::   |   enp0s3  |   U   |
[   18.321561] cloud-init[678]: ci-info: +-------+-------------+---------+-----------+-------+
[   19.497814] cloud-init[678]: Generating public/private rsa key pair.
[   19.499604] cloud-init[678]: Your identification has been saved in /etc/ssh/ssh_host_rsa_key.
[   19.501883] cloud-init[678]: Your public key has been saved in /etc/ssh/ssh_host_rsa_key.pub.
[   19.504358] cloud-init[678]: The key fingerprint is:
[   19.505986] cloud-init[678]: SHA256:s6TvIFUTfYblwm93ivMi66+qWi4VlQI1mActrFI2l2c root@ubuntu-bionic
[   19.508666] cloud-init[678]: The key's randomart image is:
[   19.510396] cloud-init[678]: +---[RSA 2048]----+
[   19.521198] cloud-init[678]: |   .oOo .o o.    |
[   19.522433] cloud-init[678]: |  + B E.ooo.o    |
[   19.532799] cloud-init[678]: | o + = oo oo.    |
[   19.534316] cloud-init[678]: |. .   .. . o     |
[   19.535678] cloud-init[678]: | .    ..S   o . .|
[   19.537259] cloud-init[678]: |     ..o o . o o |
[   19.538793] cloud-init[678]: |    ..+ .   o .  |
[   19.540332] cloud-init[678]: |    .+ o  . .o   |
[   19.541700] cloud-init[678]: |    .ooo+o+=...  |
[   19.543172] cloud-init[678]: +----[SHA256]-----+
[   19.556777] cloud-init[678]: Generating public/private dsa key pair.
[   19.558709] cloud-init[678]: Your identification has been saved in /etc/ssh/ssh_host_dsa_key.
[   19.561424] cloud-init[678]: Your public key has been saved in /etc/ssh/ssh_host_dsa_key.pub.
[   19.564099] cloud-init[678]: The key fingerprint is:
[   19.565814] cloud-init[678]: SHA256:1JQwryBQjkJxTuybPbXQ/XJYwygK3T8/Km/10dmw2i0 root@ubuntu-bionic
[   19.568652] cloud-init[678]: The key's randomart image is:
[   19.570319] cloud-init[678]: +---[DSA 1024]----+
[   19.571846] cloud-init[678]: | o++.   o...     |
[   19.573602] cloud-init[678]: |. +=     =.      |
[   19.575535] cloud-init[678]: |. o.+ + o =      |
[   19.577513] cloud-init[678]: | . o + B + +  .  |
[   19.579239] cloud-init[678]: |    = + S + . .oo|
[   19.580968] cloud-init[678]: |   o + . = + ..o.|
[   19.582461] cloud-init[678]: |      .   * .o.. |
[   19.584571] cloud-init[678]: |       . . o..E .|
[   19.586003] cloud-init[678]: |        +o. .  . |
[   19.587765] cloud-init[678]: +----[SHA256]-----+
[   19.589454] cloud-init[678]: Generating public/private ecdsa key pair.
[   19.594196] cloud-init[678]: Your identification has been saved in /etc/ssh/ssh_host_ecdsa_key.
[   19.598097] cloud-init[678]: Your public key has been saved in /etc/ssh/ssh_host_ecdsa_key.pub.
[   19.601536] cloud-init[678]: The key fingerprint is:
[   19.603162] cloud-init[678]: SHA256:EWvt8qAdkoGeK1CtFR3Tl+nd2nsYjMD+4NGkRg3dfqI root@ubuntu-bionic
[   19.607167] cloud-init[678]: The key's randomart image is:
[   19.609203] cloud-init[678]: +---[ECDSA 256]---+
[   19.610833] cloud-init[678]: |    ..oo.  + .   |
[   19.613018] cloud-init[678]: |   . o...+= . .  |
[   19.624343] cloud-init[678]: |  . + . ++.+ o   |
[   19.626051] cloud-init[678]: | . + . + o= + + .|
[   19.627776] cloud-init[678]: |. . o o So.= * o |
[   19.629370] cloud-init[678]: | .   . + =* E +  |
[   19.630937] cloud-init[678]: |  . . . .o.+   + |
[   19.632546] cloud-init[678]: |   .      . . o .|
[   19.634130] cloud-init[678]: |               . |
[   19.635495] cloud-init[678]: +----[SHA256]-----+
[   19.637217] cloud-init[678]: Generating public/private ed25519 key pair.
[   19.639359] cloud-init[678]: Your identification has been saved in /etc/ssh/ssh_host_ed25519_key.
[   19.642012] cloud-init[678]: Your public key has been saved in /etc/ssh/ssh_host_ed25519_key.pub.
[   19.644551] cloud-init[678]: The key fingerprint is:
[   19.646157] cloud-init[678]: SHA256:AXjacrZaOwe2hvoI7uwyqTHFi6P4efevNd8Px1oF6PI root@ubuntu-bionic
[   19.649390] cloud-init[678]: The key's randomart image is:
[   19.651095] cloud-init[678]: +--[ED25519 256]--+
[   19.652585] cloud-init[678]: |     ..          |
[   19.654274] cloud-init[678]: |    . ..     .   |
[   19.655870] cloud-init[678]: |     +  .   . .  |
[   19.657434] cloud-init[678]: | .  o +  . .   . |
[   19.659165] cloud-init[678]: |  o  + .S . .   .|
[   19.660951] cloud-init[678]: | o .  =    o   ..|
[   19.662593] cloud-init[678]: |*..  = +  o E . +|
[   19.664465] cloud-init[678]: |O= o+ * .. o . = |
[   19.666230] cloud-init[678]: |OB=+.o +oo. . o..|
[   19.667540] cloud-init[678]: +----[SHA256]-----+
[[0;32m  OK  [0m] Started Initial cloud-init job (metadata service crawler).
[[0;32m  OK  [0m] Reached target System Initialization.
[[0;32m  OK  [0m] Started Daily apt download activities.
[[0;32m  OK  [0m] Started Daily apt upgrade and clean activities.
[[0;32m  OK  [0m] Listening on D-Bus System Message Bus Socket.
[[0;32m  OK  [0m] Started Message of the Day.
[[0;32m  OK  [0m] Started Discard unused blocks once a week.
[[0;32m  OK  [0m] Started Daily Cleanup of Temporary Directories.
[[0;32m  OK  [0m] Listening on UUID daemon activation socket.
         Starting Socket activation for snappy daemon.
[[0;32m  OK  [0m] Listening on Open-iSCSI iscsid Socket.
[[0;32m  OK  [0m] Started ACPI Events Check.
[[0;32m  OK  [0m] Reached target Paths.
[[0;32m  OK  [0m] Reached target Timers.
[[0;32m  OK  [0m] Listening on ACPID Listen Socket.
         Starting LXD - unix socket.
[[0;32m  OK  [0m] Reached target Cloud-config availability.
[[0;32m  OK  [0m] Reached target Network is Online.
         Starting Availability of block devices...
[[0;32m  OK  [0m] Reached target Remote File Systems (Pre).
[[0;32m  OK  [0m] Reached target Remote File Systems.
[[0;32m  OK  [0m] Listening on Socket activation for snappy daemon.
[[0;32m  OK  [0m] Listening on LXD - unix socket.
[[0;32m  OK  [0m] Reached target Sockets.
[[0;32m  OK  [0m] Reached target Basic System.
         Starting LXD - container startup/shutdown...
         Starting Virtualbox guest utils...
[[0;32m  OK  [0m] Started D-Bus System Message Bus.
[[0;32m  OK  [0m] Started irqbalance daemon.
         Starting Permit User Sessions...
         Starting LSB: Record successful boot for GRUB...
         Starting System Logging Service...
[[0;32m  OK  [0m] Started Regular background program processing daemon.
         Starting LSB: automatic crash report generation...
[[0;32m  OK  [0m] Started Deferred execution scheduler.
         Starting Pollinate to seed the pseudo random number generator...
         Starting Login Service...
         Starting Dispatcher daemon for systemd-networkd...
         Starting Snappy daemon...
[[0;32m  OK  [0m] Started FUSE filesystem for LXC.
         Starting Accounts Service...
[[0;32m  OK  [0m] Started System Logging Service.
[[0;32m  OK  [0m] Started Availability of block devices.
[[0;32m  OK  [0m] Started LXD - container startup/shutdown.
[[0;32m  OK  [0m] Started Permit User Sessions.
         Starting Terminate Plymouth Boot Screen...
         Starting Hold until boot process finishes up...
[[0;32m  OK  [0m] Started Hold until boot process finishes up.
[[0;32m  OK  [0m] Started Serial Getty on ttyS0.
         Starting Set console scheme...
[[0;32m  OK  [0m] Started Terminate Plymouth Boot Screen.
[[0;32m  OK  [0m] Started Login Service.
[[0;32m  OK  [0m] Started Unattended Upgrades Shutdown.
[[0;32m  OK  [0m] Started Set console scheme.
[[0;32m  OK  [0m] Created slice system-getty.slice.
[[0;32m  OK  [0m] Started Getty on tty1.
[[0;32m  OK  [0m] Reached target Login Prompts.
[[0;32m  OK  [0m] Started LSB: Record successful boot for GRUB.
[[0;32m  OK  [0m] Started LSB: automatic crash report generation.
         Starting Authorization Manager...
[[0;32m  OK  [0m] Started Authorization Manager.
[[0;32m  OK  [0m] Started Accounts Service.
[[0;32m  OK  [0m] Started Virtualbox guest utils.
[[0;32m  OK  [0m] Started Dispatcher daemon for systemd-networkd.
[[0;32m  OK  [0m] Started Snappy daemon.
         Starting Wait until snapd is fully seeded...
[[0;32m  OK  [0m] Started Pollinate to seed the pseudo random number generator.
         Starting OpenBSD Secure Shell server...
[[0;32m  OK  [0m] Started OpenBSD Secure Shell server.
[[0;32m  OK  [0m] Created slice User Slice of vagrant.
         Starting User Manager for UID 1000...
[[0;32m  OK  [0m] Started Session 1 of user vagrant.
[[0;32m  OK  [0m] Started User Manager for UID 1000.
[[0;32m  OK  [0m] Started Wait until snapd is fully seeded.
         Starting Apply the settings specified in cloud-config...
[[0;32m  OK  [0m] Reached target Multi-User System.
[[0;32m  OK  [0m] Reached target Graphical Interface.
         Starting Update UTMP about System Runlevel Changes...
[[0;32m  OK  [0m] Started Update UTMP about System Runlevel Changes.

Ubuntu 18.04.4 LTS ubuntu-bionic ttyS0

ubuntu-bionic login: [   26.823085] cloud-init[1114]: Cloud-init v. 19.4-33-gbb4131a2-0ubuntu1~18.04.1 running 'modules:config' at Fri, 06 Mar 2020 08:45:43 +0000. Up 25.02 seconds.
ci-info: no authorized SSH keys fingerprints found for user ubuntu.
<14>Mar  6 08:45:46 ec2: 
<14>Mar  6 08:45:46 ec2: #############################################################
<14>Mar  6 08:45:46 ec2: -----BEGIN SSH HOST KEY FINGERPRINTS-----
<14>Mar  6 08:45:46 ec2: 1024 SHA256:1JQwryBQjkJxTuybPbXQ/XJYwygK3T8/Km/10dmw2i0 root@ubuntu-bionic (DSA)
<14>Mar  6 08:45:46 ec2: 256 SHA256:EWvt8qAdkoGeK1CtFR3Tl+nd2nsYjMD+4NGkRg3dfqI root@ubuntu-bionic (ECDSA)
<14>Mar  6 08:45:46 ec2: 256 SHA256:AXjacrZaOwe2hvoI7uwyqTHFi6P4efevNd8Px1oF6PI root@ubuntu-bionic (ED25519)
<14>Mar  6 08:45:46 ec2: 2048 SHA256:s6TvIFUTfYblwm93ivMi66+qWi4VlQI1mActrFI2l2c root@ubuntu-bionic (RSA)
<14>Mar  6 08:45:46 ec2: -----END SSH HOST KEY FINGERPRINTS-----
<14>Mar  6 08:45:46 ec2: #############################################################
-----BEGIN SSH HOST KEY KEYS-----
ecdsa-sha2-nistp256 AAAAE2VjZHNhLXNoYTItbmlzdHAyNTYAAAAIbmlzdHAyNTYAAABBBG1pMVddROgYbHzW4czQzQEA0yAVjGHrc8InuM8b4Brm51mIdL49xBaonkWfnmHCXvmPFwtnwMMLdkR9ZLnZI+Q= root@ubuntu-bionic
ssh-ed25519 AAAAC3NzaC1lZDI1NTE5AAAAIKolObDaTQ60toL0+8etp3JmQtzBoRe3lV2mJ/+CXH3g root@ubuntu-bionic
ssh-rsa AAAAB3NzaC1yc2EAAAADAQABAAABAQDV4vu6fnm/I1HrDrocmYJFlah8KotDNRsGKc+f2+809Ye8AY7Cy+0EtemAaTi5xa1UCJf4ETcs5vwODX8aUxiM9nS/Pb2yVECBpbEz1NkRIy3WBMlZ+1N0lAZL6OsY9kWpEOBoCDpU3uwkJpqnconuw2XCgr+7OlzoPasdlFJhz4hCxY+XckcuTq3W97XXUxtau7YOHISapu+j66flHURpTGTg6+lFU4CxqHdR8uJyNpWxxJIPH25mE7IUJO9Y5AFzaD1FPj9jvlsZHMwjtfViNaVfbHsEspok6lvsJ+dQ4eBbAvsVfWAILPyxqVP8ZR9Sw7sfGIJelxv5L2BQNZgp root@ubuntu-bionic
-----END SSH HOST KEY KEYS-----
[   28.722218] cloud-init[1255]: Cloud-init v. 19.4-33-gbb4131a2-0ubuntu1~18.04.1 running 'modules:final' at Fri, 06 Mar 2020 08:45:46 +0000. Up 28.32 seconds.
[   28.722471] cloud-init[1255]: ci-info: no authorized SSH keys fingerprints found for user ubuntu.
[   28.724911] cloud-init[1255]: Cloud-init v. 19.4-33-gbb4131a2-0ubuntu1~18.04.1 finished at Fri, 06 Mar 2020 08:45:46 +0000. Datasource DataSourceNoCloud [seed=/dev/sdb][dsmode=net].  Up 28.69 seconds
